[INFO] Scanning for projects...
[INFO] 
[INFO] -------------< hu.sg.tp.open.banking:open-banking-example >-------------
[INFO] Building open-banking-example 0.0.1-SNAPSHOT
[INFO]   from pom.xml
[INFO] --------------------------------[ jar ]---------------------------------
[INFO] 
[INFO] >>> spring-boot:4.0.6:run (default-cli) > test-compile @ open-banking-example >>>
[INFO] 
[INFO] --- resources:3.3.1:resources (default-resources) @ open-banking-example ---
[INFO] Copying 1 resource from src\main\resources to target\classes
[INFO] Copying 0 resource from src\main\resources to target\classes
[INFO] 
[INFO] --- compiler:3.14.1:compile (default-compile) @ open-banking-example ---
[INFO] Nothing to compile - all classes are up to date.
[INFO] 
[INFO] --- resources:3.3.1:testResources (default-testResources) @ open-banking-example ---
[INFO] skip non existing resourceDirectory C:\dev\other\open-banking-example\src\test\resources
[INFO] 
[INFO] --- compiler:3.14.1:testCompile (default-testCompile) @ open-banking-example ---
[INFO] Nothing to compile - all classes are up to date.
[INFO] 
[INFO] <<< spring-boot:4.0.6:run (default-cli) < test-compile @ open-banking-example <<<
[INFO] 
[INFO] 
[INFO] --- spring-boot:4.0.6:run (default-cli) @ open-banking-example ---
[INFO] Attaching agents: []

  .   ____          _            __ _ _
 /\\ / ___'_ __ _ _(_)_ __  __ _ \ \ \ \
( ( )\___ | '_ | '_| | '_ \/ _` | \ \ \ \
 \\/  ___)| |_)| | | | | || (_| |  ) ) ) )
  '  |____| .__|_| |_|_| |_\__, | / / / /
 =========|_|==============|___/=/_/_/_/

 :: Spring Boot ::                (v4.0.6)

2026-09-14T20:38:59.976+02:00  INFO 28816 --- [           main] h.s.t.o.b.OpenBankingExampleApplication  : Starting OpenBankingExampleApplication using Java 25.0.1 with PID 28816 (C:\dev\other\open-banking-example\target\classes started by gabor in C:\dev\other\open-banking-example)
2026-09-14T20:38:59.992+02:00  INFO 28816 --- [           main] h.s.t.o.b.OpenBankingExampleApplication  : No active profile set, falling back to 1 default profile: "default"
2026-09-14T20:39:01.057+02:00  INFO 28816 --- [           main] o.s.boot.tomcat.TomcatWebServer          : Tomcat initialized with port 8080 (http)
2026-09-14T20:39:01.068+02:00  INFO 28816 --- [           main] o.apache.catalina.core.StandardService   : Starting service [Tomcat]
2026-09-14T20:39:01.068+02:00  INFO 28816 --- [           main] o.apache.catalina.core.StandardEngine    : Starting Servlet engine: [Apache Tomcat/11.0.21]
2026-09-14T20:39:01.104+02:00  INFO 28816 --- [           main] b.w.c.s.WebApplicationContextInitializer : Root WebApplicationContext: initialization completed in 1043 ms
2026-09-14T20:39:01.375+02:00  INFO 28816 --- [           main] o.s.boot.tomcat.TomcatWebServer          : Tomcat started on port 8080 (http) with context path '/TP'
2026-09-14T20:39:01.379+02:00  INFO 28816 --- [           main] h.s.t.o.b.OpenBankingExampleApplication  : Started OpenBankingExampleApplication in 1.855 seconds (process running for 2.094)
2026-09-14T20:39:01.382+02:00  INFO 28816 --- [           main] h.s.t.o.b.OpenBankingExampleApplication  : === EXTERNAL CONFIGURATION LOADED ===
2026-09-14T20:39:01.382+02:00  INFO 28816 --- [           main] h.s.t.o.b.OpenBankingExampleApplication  : AppProperties[]
2026-09-14T20:39:01.382+02:00  INFO 28816 --- [           main] h.s.t.o.b.OpenBankingExampleApplication  : ====================================
[INFO] ------------------------------------------------------------------------
[INFO] BUILD FAILURE
[INFO] ------------------------------------------------------------------------
[INFO] Total time:  10:05 min
[INFO] Finished at: 2026-09-14T20:49:03+02:00
[INFO] ------------------------------------------------------------------------
[ERROR] Failed to execute goal org.springframework.boot:spring-boot-maven-plugin:4.0.6:run (default-cli) on project open-banking-example: Process terminated with exit code: -1 -> [Help 1]
[ERROR] 
[ERROR] To see the full stack trace of the errors, re-run Maven with the -e switch.
[ERROR] Re-run Maven using the -X switch to enable full debug logging.
[ERROR] 
[ERROR] For more information about the errors and possible solutions, please read the following articles:
[ERROR] [Help 1] http://cwiki.apache.org/confluence/display/MAVEN/MojoExecutionException
